// Jest Snapshot v1, https://goo.gl/fbAQLP

exports[`Countdown Component should render correctly 1`] = `
ShallowWrapper {
  Symbol(enzyme.__root__): [Circular],
  Symbol(enzyme.__unrendered__): <Countdown
    date="May 4, 2019 19:00:00"
  />,
  Symbol(enzyme.__renderer__): Object {
    "batchedUpdates": [Function],
    "checkPropTypes": [Function],
    "getNode": [Function],
    "render": [Function],
    "simulateError": [Function],
    "simulateEvent": [Function],
    "unmount": [Function],
  },
  Symbol(enzyme.__node__): Object {
    "instance": null,
    "key": undefined,
    "nodeType": "host",
    "props": Object {
      "children": <WithStyles(Paper)
        elevation={1}
      >
        <span>
          <strong>
            00
          </strong>
          <span>
            Days
          </span>
        </span>
        <span>
          <strong>
            00
          </strong>
          <span>
            Hours
          </span>
        </span>
        <span>
          <strong>
            00
          </strong>
          <span>
            Minutes
          </span>
        </span>
        <span>
          <strong>
            00
          </strong>
          <span>
            Seconds
          </span>
        </span>
      </WithStyles(Paper)>,
    },
    "ref": null,
    "rendered": Object {
      "instance": null,
      "key": undefined,
      "nodeType": "class",
      "props": Object {
        "children": Array [
          <span>
            <strong>
              00
            </strong>
            <span>
              Days
            </span>
          </span>,
          <span>
            <strong>
              00
            </strong>
            <span>
              Hours
            </span>
          </span>,
          <span>
            <strong>
              00
            </strong>
            <span>
              Minutes
            </span>
          </span>,
          <span>
            <strong>
              00
            </strong>
            <span>
              Seconds
            </span>
          </span>,
        ],
        "elevation": 1,
      },
      "ref": null,
      "rendered": Array [
        Object {
          "instance": null,
          "key": undefined,
          "nodeType": "host",
          "props": Object {
            "children": Array [
              <strong>
                00
              </strong>,
              <span>
                Days
              </span>,
            ],
          },
          "ref": null,
          "rendered": Array [
            Object {
              "instance": null,
              "key": undefined,
              "nodeType": "host",
              "props": Object {
                "children": "00",
              },
              "ref": null,
              "rendered": "00",
              "type": "strong",
            },
            Object {
              "instance": null,
              "key": undefined,
              "nodeType": "host",
              "props": Object {
                "children": "Days",
              },
              "ref": null,
              "rendered": "Days",
              "type": "span",
            },
          ],
          "type": "span",
        },
        Object {
          "instance": null,
          "key": undefined,
          "nodeType": "host",
          "props": Object {
            "children": Array [
              <strong>
                00
              </strong>,
              <span>
                Hours
              </span>,
            ],
          },
          "ref": null,
          "rendered": Array [
            Object {
              "instance": null,
              "key": undefined,
              "nodeType": "host",
              "props": Object {
                "children": "00",
              },
              "ref": null,
              "rendered": "00",
              "type": "strong",
            },
            Object {
              "instance": null,
              "key": undefined,
              "nodeType": "host",
              "props": Object {
                "children": "Hours",
              },
              "ref": null,
              "rendered": "Hours",
              "type": "span",
            },
          ],
          "type": "span",
        },
        Object {
          "instance": null,
          "key": undefined,
          "nodeType": "host",
          "props": Object {
            "children": Array [
              <strong>
                00
              </strong>,
              <span>
                Minutes
              </span>,
            ],
          },
          "ref": null,
          "rendered": Array [
            Object {
              "instance": null,
              "key": undefined,
              "nodeType": "host",
              "props": Object {
                "children": "00",
              },
              "ref": null,
              "rendered": "00",
              "type": "strong",
            },
            Object {
              "instance": null,
              "key": undefined,
              "nodeType": "host",
              "props": Object {
                "children": "Minutes",
              },
              "ref": null,
              "rendered": "Minutes",
              "type": "span",
            },
          ],
          "type": "span",
        },
        Object {
          "instance": null,
          "key": undefined,
          "nodeType": "host",
          "props": Object {
            "children": Array [
              <strong>
                00
              </strong>,
              <span>
                Seconds
              </span>,
            ],
          },
          "ref": null,
          "rendered": Array [
            Object {
              "instance": null,
              "key": undefined,
              "nodeType": "host",
              "props": Object {
                "children": "00",
              },
              "ref": null,
              "rendered": "00",
              "type": "strong",
            },
            Object {
              "instance": null,
              "key": undefined,
              "nodeType": "host",
              "props": Object {
                "children": "Seconds",
              },
              "ref": null,
              "rendered": "Seconds",
              "type": "span",
            },
          ],
          "type": "span",
        },
      ],
      "type": [Function],
    },
    "type": "div",
  },
  Symbol(enzyme.__nodes__): Array [
    Object {
      "instance": null,
      "key": undefined,
      "nodeType": "host",
      "props": Object {
        "children": <WithStyles(Paper)
          elevation={1}
        >
          <span>
            <strong>
              00
            </strong>
            <span>
              Days
            </span>
          </span>
          <span>
            <strong>
              00
            </strong>
            <span>
              Hours
            </span>
          </span>
          <span>
            <strong>
              00
            </strong>
            <span>
              Minutes
            </span>
          </span>
          <span>
            <strong>
              00
            </strong>
            <span>
              Seconds
            </span>
          </span>
        </WithStyles(Paper)>,
      },
      "ref": null,
      "rendered": Object {
        "instance": null,
        "key": undefined,
        "nodeType": "class",
        "props": Object {
          "children": Array [
            <span>
              <strong>
                00
              </strong>
              <span>
                Days
              </span>
            </span>,
            <span>
              <strong>
                00
              </strong>
              <span>
                Hours
              </span>
            </span>,
            <span>
              <strong>
                00
              </strong>
              <span>
                Minutes
              </span>
            </span>,
            <span>
              <strong>
                00
              </strong>
              <span>
                Seconds
              </span>
            </span>,
          ],
          "elevation": 1,
        },
        "ref": null,
        "rendered": Array [
          Object {
            "instance": null,
            "key": undefined,
            "nodeType": "host",
            "props": Object {
              "children": Array [
                <strong>
                  00
                </strong>,
                <span>
                  Days
                </span>,
              ],
            },
            "ref": null,
            "rendered": Array [
              Object {
                "instance": null,
                "key": undefined,
                "nodeType": "host",
                "props": Object {
                  "children": "00",
                },
                "ref": null,
                "rendered": "00",
                "type": "strong",
              },
              Object {
                "instance": null,
                "key": undefined,
                "nodeType": "host",
                "props": Object {
                  "children": "Days",
                },
                "ref": null,
                "rendered": "Days",
                "type": "span",
              },
            ],
            "type": "span",
          },
          Object {
            "instance": null,
            "key": undefined,
            "nodeType": "host",
            "props": Object {
              "children": Array [
                <strong>
                  00
                </strong>,
                <span>
                  Hours
                </span>,
              ],
            },
            "ref": null,
            "rendered": Array [
              Object {
                "instance": null,
                "key": undefined,
                "nodeType": "host",
                "props": Object {
                  "children": "00",
                },
                "ref": null,
                "rendered": "00",
                "type": "strong",
              },
              Object {
                "instance": null,
                "key": undefined,
                "nodeType": "host",
                "props": Object {
                  "children": "Hours",
                },
                "ref": null,
                "rendered": "Hours",
                "type": "span",
              },
            ],
            "type": "span",
          },
          Object {
            "instance": null,
            "key": undefined,
            "nodeType": "host",
            "props": Object {
              "children": Array [
                <strong>
                  00
                </strong>,
                <span>
                  Minutes
                </span>,
              ],
            },
            "ref": null,
            "rendered": Array [
              Object {
                "instance": null,
                "key": undefined,
                "nodeType": "host",
                "props": Object {
                  "children": "00",
                },
                "ref": null,
                "rendered": "00",
                "type": "strong",
              },
              Object {
                "instance": null,
                "key": undefined,
                "nodeType": "host",
                "props": Object {
                  "children": "Minutes",
                },
                "ref": null,
                "rendered": "Minutes",
                "type": "span",
              },
            ],
            "type": "span",
          },
          Object {
            "instance": null,
            "key": undefined,
            "nodeType": "host",
            "props": Object {
              "children": Array [
                <strong>
                  00
                </strong>,
                <span>
                  Seconds
                </span>,
              ],
            },
            "ref": null,
            "rendered": Array [
              Object {
                "instance": null,
                "key": undefined,
                "nodeType": "host",
                "props": Object {
                  "children": "00",
                },
                "ref": null,
                "rendered": "00",
                "type": "strong",
              },
              Object {
                "instance": null,
                "key": undefined,
                "nodeType": "host",
                "props": Object {
                  "children": "Seconds",
                },
                "ref": null,
                "rendered": "Seconds",
                "type": "span",
              },
            ],
            "type": "span",
          },
        ],
        "type": [Function],
      },
      "type": "div",
    },
  ],
  Symbol(enzyme.__options__): Object {
    "adapter": ReactSixteenAdapter {
      "options": Object {
        "enableComponentDidUpdateOnSetState": true,
        "legacyContextMode": "parent",
        "lifecycles": Object {
          "componentDidUpdate": Object {
            "onSetState": true,
          },
          "getChildContext": Object {
            "calledByRenderer": false,
          },
          "getDerivedStateFromProps": Object {
            "hasShouldComponentUpdateBug": false,
          },
          "getSnapshotBeforeUpdate": true,
          "setState": Object {
            "skipsComponentDidUpdateOnNullish": true,
          },
        },
      },
    },
  },
  Symbol(enzyme.__childContext__): null,
}
`;
