// Jest Snapshot v1, https://goo.gl/fbAQLP

exports[`routes should render correctly 1`] = `ShallowWrapper {}`;
