// Jest Snapshot v1, https://goo.gl/fbAQLP

exports[`Guest Book Messages should render correctly 1`] = `ShallowWrapper {}`;
