// Jest Snapshot v1, https://goo.gl/fbAQLP

exports[`CeremonyCard Component should render correctly 1`] = `ShallowWrapper {}`;
