// Jest Snapshot v1, https://goo.gl/fbAQLP

exports[`Navbar Component should render correctly 1`] = `
ShallowWrapper {
  Symbol(enzyme.__root__): [Circular],
  Symbol(enzyme.__unrendered__): <Navbar />,
  Symbol(enzyme.__renderer__): Object {
    "batchedUpdates": [Function],
    "checkPropTypes": [Function],
    "getNode": [Function],
    "render": [Function],
    "simulateError": [Function],
    "simulateEvent": [Function],
    "unmount": [Function],
  },
  Symbol(enzyme.__node__): Object {
    "instance": null,
    "key": undefined,
    "nodeType": "class",
    "props": Object {
      "alignItems": "center",
      "children": <WithStyles(Grid)
        item={true}
      >
        <NavbarLink
          to="/"
        >
          Home
        </NavbarLink>
        <NavbarLink
          to="/theirstory"
        >
          Their Story
        </NavbarLink>
        <NavbarLink
          to="/ceremony"
        >
          Ceremony
        </NavbarLink>
        <NavbarLink
          to="/reception"
        >
          Reception
        </NavbarLink>
        <NavbarLink
          to="/rsvp"
        >
          RSVP
        </NavbarLink>
        <NavbarLink
          to="/registry"
        >
          Registry
        </NavbarLink>
        <NavbarLink
          to="/guestbook"
        >
          Guest Book
        </NavbarLink>
      </WithStyles(Grid)>,
      "container": true,
      "item": true,
    },
    "ref": null,
    "rendered": Object {
      "instance": null,
      "key": undefined,
      "nodeType": "class",
      "props": Object {
        "children": Array [
          <NavbarLink
            to="/"
          >
            Home
          </NavbarLink>,
          <NavbarLink
            to="/theirstory"
          >
            Their Story
          </NavbarLink>,
          <NavbarLink
            to="/ceremony"
          >
            Ceremony
          </NavbarLink>,
          <NavbarLink
            to="/reception"
          >
            Reception
          </NavbarLink>,
          <NavbarLink
            to="/rsvp"
          >
            RSVP
          </NavbarLink>,
          <NavbarLink
            to="/registry"
          >
            Registry
          </NavbarLink>,
          <NavbarLink
            to="/guestbook"
          >
            Guest Book
          </NavbarLink>,
        ],
        "item": true,
      },
      "ref": null,
      "rendered": Array [
        Object {
          "instance": null,
          "key": undefined,
          "nodeType": "function",
          "props": Object {
            "children": "Home",
            "to": "/",
          },
          "ref": null,
          "rendered": "Home",
          "type": [Function],
        },
        Object {
          "instance": null,
          "key": undefined,
          "nodeType": "function",
          "props": Object {
            "children": "Their Story",
            "to": "/theirstory",
          },
          "ref": null,
          "rendered": "Their Story",
          "type": [Function],
        },
        Object {
          "instance": null,
          "key": undefined,
          "nodeType": "function",
          "props": Object {
            "children": "Ceremony",
            "to": "/ceremony",
          },
          "ref": null,
          "rendered": "Ceremony",
          "type": [Function],
        },
        Object {
          "instance": null,
          "key": undefined,
          "nodeType": "function",
          "props": Object {
            "children": "Reception",
            "to": "/reception",
          },
          "ref": null,
          "rendered": "Reception",
          "type": [Function],
        },
        Object {
          "instance": null,
          "key": undefined,
          "nodeType": "function",
          "props": Object {
            "children": "RSVP",
            "to": "/rsvp",
          },
          "ref": null,
          "rendered": "RSVP",
          "type": [Function],
        },
        Object {
          "instance": null,
          "key": undefined,
          "nodeType": "function",
          "props": Object {
            "children": "Registry",
            "to": "/registry",
          },
          "ref": null,
          "rendered": "Registry",
          "type": [Function],
        },
        Object {
          "instance": null,
          "key": undefined,
          "nodeType": "function",
          "props": Object {
            "children": "Guest Book",
            "to": "/guestbook",
          },
          "ref": null,
          "rendered": "Guest Book",
          "type": [Function],
        },
      ],
      "type": [Function],
    },
    "type": [Function],
  },
  Symbol(enzyme.__nodes__): Array [
    Object {
      "instance": null,
      "key": undefined,
      "nodeType": "class",
      "props": Object {
        "alignItems": "center",
        "children": <WithStyles(Grid)
          item={true}
        >
          <NavbarLink
            to="/"
          >
            Home
          </NavbarLink>
          <NavbarLink
            to="/theirstory"
          >
            Their Story
          </NavbarLink>
          <NavbarLink
            to="/ceremony"
          >
            Ceremony
          </NavbarLink>
          <NavbarLink
            to="/reception"
          >
            Reception
          </NavbarLink>
          <NavbarLink
            to="/rsvp"
          >
            RSVP
          </NavbarLink>
          <NavbarLink
            to="/registry"
          >
            Registry
          </NavbarLink>
          <NavbarLink
            to="/guestbook"
          >
            Guest Book
          </NavbarLink>
        </WithStyles(Grid)>,
        "container": true,
        "item": true,
      },
      "ref": null,
      "rendered": Object {
        "instance": null,
        "key": undefined,
        "nodeType": "class",
        "props": Object {
          "children": Array [
            <NavbarLink
              to="/"
            >
              Home
            </NavbarLink>,
            <NavbarLink
              to="/theirstory"
            >
              Their Story
            </NavbarLink>,
            <NavbarLink
              to="/ceremony"
            >
              Ceremony
            </NavbarLink>,
            <NavbarLink
              to="/reception"
            >
              Reception
            </NavbarLink>,
            <NavbarLink
              to="/rsvp"
            >
              RSVP
            </NavbarLink>,
            <NavbarLink
              to="/registry"
            >
              Registry
            </NavbarLink>,
            <NavbarLink
              to="/guestbook"
            >
              Guest Book
            </NavbarLink>,
          ],
          "item": true,
        },
        "ref": null,
        "rendered": Array [
          Object {
            "instance": null,
            "key": undefined,
            "nodeType": "function",
            "props": Object {
              "children": "Home",
              "to": "/",
            },
            "ref": null,
            "rendered": "Home",
            "type": [Function],
          },
          Object {
            "instance": null,
            "key": undefined,
            "nodeType": "function",
            "props": Object {
              "children": "Their Story",
              "to": "/theirstory",
            },
            "ref": null,
            "rendered": "Their Story",
            "type": [Function],
          },
          Object {
            "instance": null,
            "key": undefined,
            "nodeType": "function",
            "props": Object {
              "children": "Ceremony",
              "to": "/ceremony",
            },
            "ref": null,
            "rendered": "Ceremony",
            "type": [Function],
          },
          Object {
            "instance": null,
            "key": undefined,
            "nodeType": "function",
            "props": Object {
              "children": "Reception",
              "to": "/reception",
            },
            "ref": null,
            "rendered": "Reception",
            "type": [Function],
          },
          Object {
            "instance": null,
            "key": undefined,
            "nodeType": "function",
            "props": Object {
              "children": "RSVP",
              "to": "/rsvp",
            },
            "ref": null,
            "rendered": "RSVP",
            "type": [Function],
          },
          Object {
            "instance": null,
            "key": undefined,
            "nodeType": "function",
            "props": Object {
              "children": "Registry",
              "to": "/registry",
            },
            "ref": null,
            "rendered": "Registry",
            "type": [Function],
          },
          Object {
            "instance": null,
            "key": undefined,
            "nodeType": "function",
            "props": Object {
              "children": "Guest Book",
              "to": "/guestbook",
            },
            "ref": null,
            "rendered": "Guest Book",
            "type": [Function],
          },
        ],
        "type": [Function],
      },
      "type": [Function],
    },
  ],
  Symbol(enzyme.__options__): Object {
    "adapter": ReactSixteenAdapter {
      "options": Object {
        "enableComponentDidUpdateOnSetState": true,
        "legacyContextMode": "parent",
        "lifecycles": Object {
          "componentDidUpdate": Object {
            "onSetState": true,
          },
          "getChildContext": Object {
            "calledByRenderer": false,
          },
          "getDerivedStateFromError": true,
          "getDerivedStateFromProps": Object {
            "hasShouldComponentUpdateBug": false,
          },
          "getSnapshotBeforeUpdate": true,
          "setState": Object {
            "skipsComponentDidUpdateOnNullish": true,
          },
        },
      },
    },
  },
}
`;
