// Jest Snapshot v1, https://goo.gl/fbAQLP

exports[`Index/Home Page should render correctly 1`] = `ShallowWrapper {}`;
