// Jest Snapshot v1, https://goo.gl/fbAQLP

exports[`NotFound Page should render correctly 1`] = `
<WithStyles(Typography)
  variant="h1"
>
  Page Not Found
</WithStyles(Typography)>
`;
