// Jest Snapshot v1, https://goo.gl/fbAQLP

exports[`Registry Page should render correctly 1`] = `ShallowWrapper {}`;
