// Jest Snapshot v1, https://goo.gl/fbAQLP

exports[`UnderConstruction Page should render correctly 1`] = `
<WithStyles(Typography)
  variant="h1"
>
  Under Construction
</WithStyles(Typography)>
`;
