// Jest Snapshot v1, https://goo.gl/fbAQLP

exports[`NavbarLinkMenu Component should render correctly 1`] = `
<PopupState
  popupId="NavbarLink-popup-menu"
  variant="popover"
>
  <Component />
</PopupState>
`;
