// Jest Snapshot v1, https://goo.gl/fbAQLP

exports[`AppliedRoute Component should render correctly 1`] = `ShallowWrapper {}`;
