// Jest Snapshot v1, https://goo.gl/fbAQLP

exports[`Countdown Component should render correctly 1`] = `ShallowWrapper {}`;
