// Jest Snapshot v1, https://goo.gl/fbAQLP

exports[`Footer Component should render correctly 1`] = `
<Footer
  classes={
    Object {
      "root": "Footer-root-1",
    }
  }
/>
`;
